// Jest Snapshot v1, https://goo.gl/fbAQLP

exports[`NavigationBar renders correctly 1`] = `
<nav
  className="navbar sticky-top navbar-expand-sm navbar-dark bg-dark"
>
  <button
    aria-controls="navbarNavAltMarkup"
    aria-expanded="false"
    aria-label="Toggle navigation"
    className="navbar-toggler"
    data-target="#navbarNavAltMarkup"
    data-toggle="collapse"
    type="button"
  >
    <span
      className="navbar-toggler-icon"
    />
  </button>
  <div
    className="collapse navbar-collapse"
    id="navbarNavAltMarkup"
  >
    <div
      className="navbar-nav"
    >
      <a
        aria-current="page"
        className="nav-item nav-link active"
        href="/"
        onClick={[Function]}
        style={{}}
      >
        Overview
      </a>
      <a
        aria-current={null}
        className="nav-item nav-link"
        href="/clusters"
        onClick={[Function]}
      >
        Clusters
      </a>
      <a
        aria-current={null}
        className="nav-item nav-link"
        href="/events"
        onClick={[Function]}
      >
        Events
      </a>
      <a
        aria-current={null}
        className="nav-item nav-link"
        href="/automations"
        onClick={[Function]}
      >
        Automations
      </a>
      <a
        aria-current={null}
        className="nav-item nav-link"
        href="/admin"
        onClick={[Function]}
      >
        Admin
      </a>
    </div>
  </div>
</nav>
`;
